// Jest Snapshot v1, https://goo.gl/fbAQLP

exports[`should compare Constant with snapshot 1`] = `
Object {
  "AUDIO_NOT_IMPLEMENTED_MESSAGE": "Audio is not implemented by EasyChat.",
  "AUDIO_NOT_IMPLEMENTED_TITLE": "You need to provide your own implementation by using renderMessageAudio prop.",
  "BUBBLE_DEFAULT_OPTION_TITLES": Array [
    "Copy Text",
    "Cancel",
  ],
  "DATE_FORMAT": "ll",
  "DEFAULT_PLACEHOLDER": "Type a message...",
  "MAX_COMPOSER_HEIGHT": 200,
  "MESSAGE_DEFAULT_OPTION_TITLES": Array [
    "Call",
    "Text",
    "Cancel",
  ],
  "MIN_COMPOSER_HEIGHT": 33,
  "TIME_FORMAT": "LT",
  "VIDEO_NOT_IMPLEMENTED_MESSAGE": "You need to provide your own implementation by using renderMessageVideo prop.",
  "VIDEO_NOT_IMPLEMENTED_TITLE": "Video is not implemented by EasyChat.",
}
`;
